action is 3
end
action is 3
action is 3
end
action is 3
action is 3
action is 3
action is 3
action is 3
action is 3
action is 3
action is 3
action is 3
action is 3
action is 3
action is 3
action is 3
action is 3
action is 3
action is 3
action is 3
action is 3
action is 3
action is 3
action is 3
action is 3
action is 3
action is 3
action is 3
action is 3
action is 3
action is 3
action is 3
action is 3
action is 3
action is 3
action is 3
action is 3
action is 3
action is 3
action is 3
action is 3
action is 3
action is 3
action is 3
action is 3
action is 3
action is 3
action is 3
action is 3
action is 3
action is 3
action is 3
action is 3
action is 3
action is 3
action is 3
action is 3
action is 3
action is 3
action is 3
action is 3
action is 3
action is 3
end
action is 3
action is 3
action is 3
action is 3
action is 3
action is 3
action is 3
action is 3
action is 3
action is 3
action is 3
action is 3
action is 3
action is 3
action is 3
action is 3
action is 3
action is 3
action is 3
action is 3
action is 3
action is 3
end
action is 3
action is 3
action is 3
action is 3
action is 3
action is 3
action is 3
action is 3
action is 3
action is 3
action is 3
action is 3
action is 3
action is 3
action is 3
action is 3
action is 3
action is 3
action is 3
action is 3
action is 3
action is 3
action is 3
action is 3
action is 3
action is 3
action is 3
action is 3
action is 3
action is 3
action is 3
action is 3
action is 3
action is 3
action is 3
action is 3
action is 3
action is 3
action is 3
action is 3
action is 3
action is 3
action is 3
action is 3
action is 3
action is 3
action is 3
action is 3
action is 3
action is 3
action is 3
action is 3
action is 3
action is 3
action is 3
action is 3
action is 3
action is 3
action is 3
action is 3
end
action is 3
action is 3
action is 3
action is 3
action is 3
action is 3
action is 3
action is 3
action is 3
action is 3
action is 3
action is 3
action is 3
action is 3
action is 3
action is 3
action is 3
action is 3
action is 3
action is 3
action is 3
action is 3
action is 3
action is 3
action is 3
action is 3
action is 3
action is 3
action is 3
action is 3
action is 3
action is 3
action is 3
action is 3
action is 3
action is 3
action is 3
action is 3
action is 3
action is 3
action is 3
action is 3
action is 3
action is 3
action is 3
action is 3
action is 3
action is 3
action is 3
action is 3
action is 3
action is 3
action is 3
action is 3
action is 3
action is 3
action is 3
action is 3
action is 3
end
action is 3
end
action is 3
action is 3
action is 3
action is 3
action is 3
action is 3
action is 3
action is 3
action is 3
action is 3
action is 3
action is 3
action is 3
action is 3
action is 3
action is 3
action is 3
action is 3
action is 3
action is 3
action is 3
action is 3
action is 3
action is 3
action is 3
action is 3
action is 3
action is 3
action is 3
action is 3
action is 3
action is 3
action is 3
action is 3
action is 3
action is 3
action is 3
action is 3
action is 3
action is 3
action is 3
action is 3
action is 3
action is 3
action is 3
action is 3
action is 3
action is 3
action is 3
action is 3
action is 3
action is 3
action is 3
action is 3
action is 3
action is 3
action is 3
action is 3
action is 3
action is 3
end
action is 3
action is 3
action is 3
action is 3
action is 3
action is 3
action is 3
action is 3
action is 3
action is 3
action is 3
action is 3
action is 3
action is 3
action is 3
action is 3
action is 3
action is 3
action is 3
action is 3
action is 3
action is 3
action is 3
action is 3
action is 3
action is 3
action is 3
action is 3
action is 3
action is 3
action is 3
action is 3
action is 3
action is 3
action is 3
action is 3
action is 3
action is 3
action is 3
action is 3
end
action is 3
action is 3
action is 3
action is 3
action is 3
action is 3
action is 3
action is 3
action is 3
action is 3
action is 3
action is 3
action is 3
action is 3
action is 3
action is 3
action is 3
action is 3
action is 3
action is 3
action is 3
action is 3
action is 3
action is 3
action is 3
action is 3
action is 3
action is 3
action is 3
action is 3
action is 3
action is 3
action is 3
action is 3
action is 3
action is 3
action is 3
action is 3
action is 3
action is 3
action is 3
action is 3
action is 3
action is 3
action is 3
action is 3
action is 3
action is 3
action is 3
action is 3
action is 3
action is 3
action is 3
action is 3
action is 3
action is 3
action is 3
action is 3
action is 3
action is 3
end
action is 3
end
action is 3
action is 3
action is 3
action is 3
action is 3
action is 3
action is 3
action is 3
action is 3
action is 3
action is 3
action is 3
action is 3
action is 3
action is 3
action is 3
action is 3
action is 3
action is 3
action is 3
action is 3
action is 3
action is 3
action is 3
action is 3
action is 3
action is 3
action is 3
action is 3
action is 3
action is 3
action is 3
action is 3
action is 3
action is 3
action is 3
action is 3
action is 3
action is 3
action is 3
action is 3
action is 3
action is 3
action is 3
end
action is 3
action is 3
action is 3
action is 3
action is 3
action is 3
action is 3
action is 3
action is 3
action is 3
action is 3
action is 3
action is 3
end
action is 3
action is 3
action is 3
action is 3
action is 3
action is 3
action is 3
action is 3
action is 3
action is 3
action is 3
action is 3
action is 3
action is 3
action is 3
action is 3
action is 3
action is 3
action is 3
action is 3
action is 3
action is 3
action is 3
action is 3
action is 3
action is 3
action is 3
action is 3
action is 3
action is 3
action is 3
action is 3
action is 3
action is 3
action is 3
action is 3
action is 3
action is 3
action is 3
action is 3
action is 3
action is 3
action is 3
action is 3
action is 3
action is 3
action is 3
action is 3
action is 3
action is 3
action is 3
action is 3
action is 3
action is 3
action is 3
action is 3
action is 3
action is 3
action is 3
action is 3
end
action is 3
action is 3
end
action is 3
action is 3
action is 3
action is 3
action is 3
action is 3
action is 3
action is 3
action is 3
action is 3
action is 3
action is 3
action is 3
action is 3
action is 3
action is 3
action is 3
action is 3
action is 3
action is 3
action is 3
action is 3
action is 3
action is 3
action is 3
action is 3
action is 3
action is 3
action is 3
action is 3
action is 3
action is 3
action is 3
action is 3
action is 3
action is 3
action is 3
action is 3
action is 3
action is 3
action is 3
action is 3
action is 3
action is 3
action is 3
action is 3
action is 3
action is 3
action is 3
action is 3
action is 3
action is 3
action is 3
action is 3
action is 3
action is 3
action is 3
action is 3
action is 3
action is 3
end
action is 3
action is 3
action is 3
action is 3
action is 3
action is 3
action is 3
action is 3
action is 3
action is 3
action is 3
action is 3
action is 3
action is 3
action is 3
action is 3
action is 3
action is 3
action is 3
action is 3
action is 3
action is 3
action is 3
action is 3
action is 3
action is 3
action is 3
action is 3
action is 3
action is 3
action is 3
action is 3
action is 3
action is 3
action is 3
action is 3
action is 3
action is 3
action is 3
action is 3
action is 3
action is 3
action is 3
action is 3
action is 3
action is 3
action is 3
action is 3
action is 3
action is 3
action is 3
action is 3
action is 3
action is 3
action is 3
action is 3
action is 3
action is 3
action is 3
action is 3
end
action is 3
action is 3
action is 3
action is 3
action is 3
action is 3
action is 3
action is 3
action is 3
action is 3
action is 3
action is 3
action is 3
action is 3
action is 3
action is 3
action is 3
action is 3
action is 3
action is 3
action is 3
action is 3
action is 3
action is 3
action is 3
action is 3
action is 3
action is 3
action is 3
action is 3
action is 3
action is 3
action is 3
action is 3
action is 3
action is 3
action is 3
action is 3
action is 3
action is 3
action is 3
action is 3
action is 3
action is 3
action is 3
action is 3
action is 3
action is 3
action is 3
action is 3
action is 3
action is 3
action is 3
action is 3
action is 3
action is 3
action is 3
action is 3
action is 3
action is 3
end
action is 3
action is 3
action is 3
action is 3
action is 3
action is 3
action is 3
action is 3
action is 3
action is 3
end
action is 3
action is 3
action is 3
action is 3
action is 3
action is 3
action is 3
action is 3
action is 3
action is 3
action is 3
action is 3
action is 3
action is 3
action is 3
action is 3
action is 3
action is 3
action is 3
action is 3
action is 3
action is 3
action is 3
action is 3
action is 3
action is 3
action is 3
action is 3
action is 3
action is 3
action is 3
action is 3
action is 3
action is 3
action is 3
action is 3
action is 3
action is 3
action is 3
action is 3
action is 3
action is 3
action is 3
action is 3
action is 3
action is 3
action is 3
action is 3
action is 3
action is 3
action is 3
action is 3
end
action is 3
end
action is 3
action is 3
action is 3
action is 3
action is 3
action is 3
action is 3
action is 3
action is 3
action is 3
action is 3
action is 3
action is 3
action is 3
action is 3
action is 3
action is 3
action is 3
action is 3
end
action is 3
action is 3
action is 3
action is 3
action is 3
action is 3
action is 3
action is 3
action is 3
action is 3
action is 3
action is 3
action is 3
action is 3
action is 3
action is 3
action is 3
action is 3
action is 3
action is 3
action is 3
action is 3
action is 3
action is 3
action is 3
action is 3
action is 3
action is 3
action is 3
action is 3
action is 3
action is 3
action is 3
action is 3
action is 3
action is 3
action is 3
action is 3
action is 3
action is 3
action is 3
action is 3
action is 3
action is 3
action is 3
action is 3
action is 3
action is 3
action is 3
action is 3
action is 3
action is 3
action is 3
action is 3
action is 3
action is 3
action is 3
action is 3
action is 3
action is 3
end
action is 3
action is 3
action is 3
action is 3
action is 3
action is 3
action is 3
action is 3
action is 3
action is 3
action is 3
action is 3
action is 3
action is 3
action is 3
action is 3
action is 3
action is 3
action is 3
action is 3
action is 3
action is 3
action is 3
action is 3
action is 3
action is 3
action is 3
action is 3
action is 3
action is 3
action is 3
action is 3
action is 3
action is 3
action is 3
action is 3
action is 3
action is 3
action is 3
action is 3
action is 3
action is 3
action is 3
action is 3
action is 3
action is 3
action is 3
action is 3
action is 3
action is 3
action is 3
action is 3
action is 3
action is 3
action is 3
action is 3
action is 3
action is 3
action is 3
action is 3
end
action is 3
action is 3
action is 3
action is 3
action is 3
action is 3
action is 3
action is 3
action is 3
action is 3
action is 3
action is 3
action is 3
action is 3
action is 3
action is 3
action is 3
action is 3
action is 3
action is 3
action is 3
action is 3
action is 3
action is 3
action is 3
action is 3
action is 3
action is 3
action is 3
action is 3
action is 3
action is 3
action is 3
action is 3
action is 3
action is 3
action is 3
action is 3
action is 3
action is 3
action is 3
action is 3
action is 3
action is 3
action is 3
action is 3
action is 3
action is 3
action is 3
action is 3
action is 3
action is 3
action is 3
action is 3
action is 3
action is 3
action is 3
action is 3
action is 3
action is 3
end
action is 3
action is 3
action is 3
action is 3
end
action is 3
action is 3
action is 3
action is 3
action is 3
action is 3
action is 3
action is 3
end
action is 3
end
action is 3
end
action is 3
action is 3
action is 3
action is 3
action is 3
action is 3
action is 3
action is 3
action is 3
action is 3
action is 3
action is 3
action is 3
action is 3
action is 3
action is 3
action is 3
action is 3
action is 3
action is 3
action is 3
action is 3
action is 3
action is 3
action is 3
action is 3
action is 3
action is 3
action is 3
action is 3
action is 3
action is 3
action is 3
action is 3
action is 3
action is 3
action is 3
action is 3
action is 3
action is 3
action is 3
action is 3
action is 3
action is 3
action is 3
action is 3
action is 3
action is 3
action is 3
action is 3
action is 3
action is 3
action is 3
action is 3
action is 3
action is 3
action is 3
action is 3
action is 3
action is 3
end
action is 3
action is 3
action is 3
action is 3
action is 3
action is 3
action is 3
action is 3
action is 3
action is 3
action is 3
action is 3
action is 3
action is 3
action is 3
action is 3
action is 3
action is 3
action is 3
action is 3
action is 3
action is 3
action is 3
action is 3
action is 3
action is 3
action is 3
action is 3
action is 3
action is 3
action is 3
action is 3
action is 3
action is 3
action is 3
action is 3
action is 3
action is 3
action is 3
action is 3
action is 3
action is 3
action is 3
action is 3
action is 3
action is 3
action is 3
action is 3
action is 3
action is 3
action is 3
action is 3
action is 3
action is 3
action is 3
action is 3
action is 3
action is 3
action is 3
action is 3
end
action is 3
action is 3
end
action is 3
end
action is 3
end
action is 3
end
action is 3
action is 3
action is 3
action is 3
action is 3
action is 3
action is 3
action is 3
action is 3
action is 3
action is 3
action is 3
action is 3
action is 3
action is 3
action is 3
action is 3
action is 3
action is 3
action is 3
action is 3
action is 3
action is 3
action is 3
action is 3
action is 3
action is 3
action is 3
action is 3
action is 3
action is 3
action is 3
action is 3
action is 3
action is 3
action is 3
action is 3
action is 3
action is 3
action is 3
action is 3
action is 3
action is 3
action is 3
action is 3
action is 3
action is 3
action is 3
action is 3
action is 3
action is 3
action is 3
action is 3
action is 3
action is 3
action is 3
action is 3
action is 3
action is 3
action is 3
end
action is 3
action is 3
action is 3
action is 3
action is 3
action is 3
action is 3
action is 3
action is 3
action is 3
action is 3
action is 3
action is 3
action is 3
action is 3
action is 3
action is 3
action is 3
action is 3
action is 3
action is 3
action is 3
action is 3
action is 3
action is 3
action is 3
action is 3
action is 3
action is 3
action is 3
action is 3
action is 3
action is 3
action is 3
action is 3
action is 3
action is 3
action is 3
action is 3
action is 3
action is 3
action is 3
action is 3
action is 3
action is 3
action is 3
action is 3
action is 3
action is 3
action is 3
action is 3
action is 3
action is 3
action is 3
action is 3
action is 3
action is 3
action is 3
action is 3
action is 3
end
action is 3
action is 3
action is 3
action is 3
action is 3
action is 3
action is 3
action is 3
action is 3
action is 3
action is 3
action is 3
action is 3
action is 3
action is 3
action is 3
action is 3
action is 3
action is 3
action is 3
action is 3
action is 3
action is 3
action is 3
action is 3
action is 3
action is 3
action is 3
action is 3
action is 3
action is 3
action is 3
action is 3
action is 3
action is 3
action is 3
action is 3
action is 3
action is 3
action is 3
action is 3
action is 3
action is 3
action is 3
action is 3
action is 3
action is 3
action is 3
action is 3
action is 3
action is 3
action is 3
action is 3
action is 3
action is 3
action is 3
action is 3
action is 3
action is 3
action is 3
end
action is 3
action is 3
action is 3
action is 3
action is 3
action is 3
action is 3
action is 3
action is 3
action is 3
action is 3
action is 3
action is 3
action is 3
action is 3
action is 3
action is 3
action is 3
action is 3
action is 3
action is 3
action is 3
action is 3
action is 3
action is 3
action is 3
action is 3
action is 3
action is 3
action is 3
action is 3
action is 3
action is 3
action is 3
action is 3
action is 3
action is 3
action is 3
action is 3
action is 3
action is 3
action is 3
action is 3
action is 3
action is 3
action is 3
action is 3
action is 3
action is 3
action is 3
action is 3
action is 3
action is 3
action is 3
action is 3
action is 3
action is 3
action is 3
action is 3
action is 3
end
action is 3
action is 3
action is 3
action is 3
action is 3
action is 3
action is 3
action is 3
action is 3
action is 3
action is 3
action is 3
action is 3
action is 3
action is 3
action is 3
action is 3
action is 3
action is 3
action is 3
action is 3
action is 3
action is 3
action is 3
action is 3
action is 3
action is 3
action is 3
action is 3
action is 3
action is 3
action is 3
action is 3
action is 3
action is 3
action is 3
action is 3
action is 3
action is 3
action is 3
action is 3
action is 3
action is 3
action is 3
action is 3
action is 3
action is 3
action is 3
action is 3
action is 3
action is 3
action is 3
action is 3
action is 3
action is 3
action is 3
action is 3
action is 3
action is 3
action is 3
end
action is 3
action is 3
action is 3
action is 3
action is 3
action is 3
action is 3
end
action is 3
action is 3
action is 3
end
action is 3
action is 3
action is 3
action is 3
action is 3
action is 3
action is 3
action is 3
action is 3
action is 3
action is 3
action is 3
action is 3
action is 3
action is 3
action is 3
action is 3
end
action is 3
action is 3
action is 3
action is 3
action is 3
action is 3
action is 3
action is 3
action is 3
action is 3
action is 3
action is 3
action is 3
action is 3
action is 3
action is 3
action is 3
action is 3
action is 3
action is 3
action is 3
action is 3
action is 3
action is 3
action is 3
action is 3
action is 3
action is 3
action is 3
action is 3
action is 3
action is 3
action is 3
action is 3
action is 3
action is 3
action is 3
action is 3
action is 3
action is 3
action is 3
action is 3
action is 3
action is 3
action is 3
action is 3
action is 3
action is 3
action is 3
action is 3
action is 3
action is 3
action is 3
action is 3
action is 3
action is 3
action is 3
action is 3
action is 3
action is 3
end
action is 3
action is 3
action is 3
action is 3
action is 3
action is 3
action is 3
action is 3
action is 3
action is 3
action is 3
action is 3
action is 3
action is 3
action is 3
action is 3
action is 3
action is 3
action is 3
action is 3
action is 3
action is 3
action is 3
action is 3
action is 3
action is 3
action is 3
action is 3
action is 3
action is 3
action is 3
action is 3
action is 3
action is 3
action is 3
action is 3
action is 3
action is 3
action is 3
action is 3
action is 3
action is 3
action is 3
action is 3
action is 3
action is 3
action is 3
action is 3
action is 3
action is 3
action is 3
action is 3
action is 3
action is 3
action is 3
action is 3
action is 3
action is 3
action is 3
action is 3
end
action is 3
action is 3
action is 3
action is 3
action is 3
action is 3
action is 3
action is 3
action is 3
action is 3
action is 3
action is 3
action is 3
action is 3
action is 3
action is 3
action is 3
action is 3
action is 3
action is 3
action is 3
action is 3
action is 3
action is 3
action is 3
action is 3
action is 3
action is 3
action is 3
action is 3
action is 3
action is 3
action is 3
action is 3
action is 3
action is 3
action is 3
action is 3
action is 3
action is 3
action is 3
action is 3
action is 3
action is 3
action is 3
action is 3
action is 3
action is 3
action is 3
action is 3
action is 3
action is 3
action is 3
action is 3
action is 3
action is 3
action is 3
action is 3
action is 3
action is 3
end
action is 3
end
action is 3
end
action is 3
action is 3
action is 3
action is 3
action is 3
action is 3
action is 3
action is 3
action is 3
action is 3
action is 3
action is 3
action is 3
action is 3
action is 3
action is 3
action is 3
action is 3
action is 3
action is 3
action is 3
action is 3
action is 3
action is 3
action is 3
action is 3
action is 3
action is 3
action is 3
action is 3
action is 3
action is 3
action is 3
action is 3
action is 3
action is 3
action is 3
action is 3
action is 3
action is 3
action is 3
action is 3
action is 3
action is 3
action is 3
action is 3
action is 3
action is 3
action is 3
action is 3
action is 3
action is 3
action is 3
action is 3
action is 3
action is 3
action is 3
action is 3
action is 3
action is 3
end
action is 3
action is 3
action is 3
action is 3
action is 3
action is 3
action is 3
action is 3
action is 3
action is 3
action is 3
action is 3
end
action is 3
action is 3
action is 3
action is 3
action is 3
action is 3
action is 3
action is 3
action is 3
action is 3
action is 3
action is 3
action is 3
action is 3
action is 3
action is 3
action is 3
action is 3
action is 3
action is 3
action is 3
action is 3
action is 3
action is 3
action is 3
action is 3
action is 3
action is 3
action is 3
action is 3
action is 3
action is 3
action is 3
action is 3
action is 3
action is 3
action is 3
action is 3
action is 3
action is 3
action is 3
action is 3
action is 3
action is 3
action is 3
action is 3
action is 3
action is 3
action is 3
action is 3
action is 3
action is 3
action is 3
action is 3
action is 3
action is 3
action is 3
action is 3
action is 3
action is 3
end
action is 3
action is 3
action is 3
action is 3
action is 3
action is 3
action is 3
action is 3
action is 3
action is 3
action is 3
action is 3
action is 3
action is 3
action is 3
action is 3
action is 3
action is 3
action is 3
action is 3
action is 3
action is 3
action is 3
action is 3
action is 3
action is 3
action is 3
action is 3
action is 3
action is 3
action is 3
action is 3
action is 3
action is 3
action is 3
action is 3
action is 3
action is 3
action is 3
action is 3
end
action is 3
action is 3
action is 3
action is 3
action is 3
action is 3
action is 3
action is 3
action is 3
action is 3
action is 3
action is 3
action is 3
action is 3
action is 3
action is 3
action is 3
action is 3
action is 3
action is 3
action is 3
action is 3
action is 3
action is 3
action is 3
action is 3
action is 3
action is 3
action is 3
action is 3
action is 3
action is 3
action is 3
action is 3
action is 3
action is 3
action is 3
action is 3
action is 3
action is 3
action is 3
action is 3
action is 3
action is 3
action is 3
action is 3
action is 3
action is 3
action is 3
action is 3
action is 3
action is 3
action is 3
action is 3
action is 3
action is 3
action is 3
action is 3
action is 3
action is 3
end
action is 3
action is 3
action is 3
action is 3
action is 3
action is 3
action is 3
action is 3
action is 3
action is 3
action is 3
action is 3
action is 3
action is 3
action is 3
action is 3
action is 3
action is 3
action is 3
action is 3
action is 3
action is 3
action is 3
action is 3
action is 3
action is 3
action is 3
action is 3
action is 3
action is 3
action is 3
action is 3
action is 3
action is 3
action is 3
action is 3
action is 3
action is 3
action is 3
action is 3
action is 3
action is 3
action is 3
action is 3
action is 3
action is 3
action is 3
action is 3
action is 3
action is 3
action is 3
action is 3
action is 3
action is 3
action is 3
action is 3
action is 3
action is 3
action is 3
action is 3
end
action is 3
action is 3
action is 3
action is 3
action is 3
action is 3
action is 3
action is 3
action is 3
action is 3
action is 3
action is 3
action is 3
action is 3
action is 3
action is 3
action is 3
action is 3
action is 3
action is 3
action is 3
action is 3
action is 3
action is 3
action is 3
action is 3
action is 3
action is 3
action is 3
action is 3
action is 3
action is 3
action is 3
action is 3
action is 3
action is 3
action is 3
action is 3
action is 3
action is 3
action is 3
action is 3
action is 3
action is 3
action is 3
action is 3
action is 3
action is 3
action is 3
action is 3
action is 3
action is 3
action is 3
action is 3
action is 3
action is 3
action is 3
action is 3
action is 3
action is 3
end
action is 3
end
action is 3
action is 3
action is 3
end
action is 3
action is 3
action is 3
action is 3
action is 3
action is 3
action is 3
action is 3
action is 3
action is 3
action is 3
action is 3
action is 3
action is 3
action is 3
action is 3
action is 3
action is 3
action is 3
action is 3
action is 3
action is 3
action is 3
action is 3
